// Jest Snapshot v1, https://goo.gl/fbAQLP

exports[`<SearchBar /> component should render the SearchBar 1`] = `
<DocumentFragment>
  <div
    class="searchBar left"
    data-test="searchBar"
    data-testid="searchBar"
  >
    <input
      class="searchInput"
      data-testid="searchBarInput"
      placeholder="Search"
      type="text"
      value=""
    />
    <div
      class="searchBtn"
    >
      <i
        class="fas fa-search"
      />
    </div>
  </div>
</DocumentFragment>
`;
